✔ deduplicates consumers, returns owned buffers and evicts by byte LRU (1.5812ms)
✔ one cancelled consumer does not abort the shared transfer; last one does (5.6158ms)
✔ failures, oversized files and unversioned files are not retained; clear invalidates pending (1.0648ms)
✔ arbitrary falsy abort reasons reject promptly and abort the last transfer (0.7303ms)
Asset ownership, error cleanup, GLB transfer, partial construction cleanup and cooperative yield: PASS (CPU)
✔ D:\2026\Chevy\Asfalto_Nacional_v8\tools\asset-lifecycle.test.mjs (197.1788ms)
✔ thunder reuses prepared PCM and does not synthesize during racing (39.3765ms)
✔ ambient avoids duplicate automation and inactive updates (32.1637ms)
✔ driving avoids duplicate automation and inactive updates (3.0832ms)
✔ preserves original four ambient PCM banks and full durations (50.6859ms)
✔ worker returns complete banks, constructors allocate no PCM, and preparation cache is reusable (98.5829ms)
✔ preparation rejects cancellation without creating nodes or keeping worker alive (1.0188ms)
✔ forest wind sends only its final mixed target on repeated telemetry (27.4192ms)
✔ dispose while banks are pending aborts and never creates late audio nodes (4.2373ms)
✔ dispose while shared context authorization is pending never starts a worker (2.1589ms)
✔ normal startup still creates its bus and coalesces concurrent calls (0.444ms)
✔ worker abort rejection after disposal resolves startup as false (0.3524ms)
✔ the real host invalidates camera interpolation on circuit transfer, rollback and restart without changing calibration (6.3394ms)
✔ A1 session cancellation closes UI without awaiting a non-cooperative load (4.6217ms)
✔ A1 timeout rejects startup even if loader ignores abort, retry owns final result (18.8549ms)
✔ A1 immediate request after last cancel is not rejected by the old attempt (2.0184ms)
✔ A1 manager forwards abort and never commits a late loaded adapter (3.2688ms)
✔ A1 unload does not wait forever for an aborted pending adapter (1.9601ms)
✔ A1 manager selection has a finite timeout and preserves active track (15.9234ms)
✔ A1 active host and bootstrap forward the caller signal to track selection (7.5499ms)
✔ A1 presentation exceptions cannot retain the active transaction (0.3408ms)
✔ A1 readiness polling stops on abort and presentation-frame errors reject (14.1706ms)
✔ slow frames cannot starve live mirrors behind water captures (1.9473ms)
✔ return from a long pause services all views without an unlimited catch-up burst (1.3241ms)
✔ pending variants deduplicate and stale completion cannot activate after invalidation or disposal (1.3257ms)
✔ failed preparations stay in fallback and report once until invalidation (0.3683ms)
✔ abort cannot publish readiness (0.1833ms)
✔ compile material traversal excludes hidden meshes and supplies actual scene lights (2.1837ms)
✔ cube prepares six target faces with immediate target and XR restoration (6.0325ms)
✔ water first capture prepares exact pass with immediate restoration and draws only after readiness (4.6218ms)
✔ mirror preparation restores exclusions and targets while awaiting both feeds (23.4632ms)
✔ warmup prepares only active tier and cache distinguishes active tier changes (1.4299ms)
✔ cube restores temporary exclusions immediately and stops faces after cancellation (1.4451ms)
✔ water compile failure restores state and never renders a failed variant (1.4287ms)
✔ explicit transient batches are prepared before first emission without including hidden vehicle roots (0.4093ms)
✔ mirror toggle retains the mapped shader and disabled preparation does not reactivate feeds (7.8532ms)
✔ native compilation retains materials and renderer through concurrent cancellation/disposal (0.957ms)
✔ a later transmissive batch still prepares earlier opaque objects for the transmission target (17.6688ms)
✔ binary codec preserves typed bytes, offsets and shared backing buffers (4.0209ms)
✔ packed spatial lookup preserves null, negative coordinates, maxDistance and missing (1.319ms)
✔ rejects malformed binary header, metadata, descriptors and array bounds (1.3436ms)
✔ all integer types and noncanonical NaN bits retain exact bytes (0.4539ms)
✔ rejects corrupted spatial index instead of installing wrong lookup order (0.4981ms)
✔ odd-length backing buffers preserve offset float views and all shared bytes (0.514ms)
✔ runtime never installs superseded or aborted worker data (5.3634ms)
✔ worker error reports explicit fallback and capture mode still records computed queries (0.9799ms)
✔ abort terminates worker and overlap rejects old load without publishing stale result (3.0063ms)
✔ worker creation error, message error and timeout reject so caller can compute fallback (11.0705ms)
✔ preparation submits bounded batches, yields with current state restored, and leaves foreground traversal whole (61.1754ms)
✔ aborting a batch prevents later submission and releases retained scene materials (23.6821ms)
✔ editor load pauses immediately and failed or cancelled load restores running state (1.1331ms)
✔ near road cannot overwrite the lower cockpit, while internal depth and world lighting remain enabled (3.0275ms)
✔ external views remain one render with no depth clear or changed masks (0.6447ms)
✔ new interior meshes and lights are included without changing hidden objects or raycast layers (0.832ms)
✔ render failure in pass 1 restores all shared state (0.8903ms)
✔ render failure in pass 2 restores all shared state (0.3728ms)
✔ own road projectors illuminate the world only, while rival and cabin lighting remain in the interior pass (0.6297ms)
✔ prepare compiles exact world then cabin lighting/material sets and restores immediately (7.7136ms)
✔ prepare outside cockpit compiles only world and leaves overlays visible (0.8285ms)
✔ prepare failure 1, synchronous=true, restores scene and stops (0.825ms)
✔ prepare failure 1, synchronous=false, restores scene and stops (0.6256ms)
✔ prepare failure 2, synchronous=true, restores scene and stops (1.2893ms)
✔ prepare failure 2, synchronous=false, restores scene and stops (0.6689ms)
✔ cancelled world preparation never starts interior compile (0.9374ms)
✔ steady cockpit frames reuse scene membership; new descendants invalidate the cache (0.5089ms)
✔ quality preparation reapplies and restores state separately around world and cabin compilation (0.9147ms)
✔ background compilation cannot downgrade quality; sustained driving overload still can (7.5571ms)
✔ transport manifests identify exact bytes and cockpit decompresses losslessly (743.881ms)
✔ first demand prefetches bytes; decode waits safe state and disposal cancels (3.624ms)
✔ only the displayed LOD keeps its lighting active through update and both views stay synchronized (1.6616ms)
✔ stationary world leaves do not multiply static matrices every frame; dynamic child and moved world update (1.5545ms)
✔ restores renderer and transform update policy when drawing throws, including manual scene matrices (0.5345ms)
✔ freezing authored track preserves root moves and explicitly dynamic nodes (0.5131ms)
✔ frenteGz desktop retains exact original materials, texture bytes and authored transforms (117.3943ms)
✔ cabinaGz desktop retains exact original materials, texture bytes and authored transforms (207.4908ms)
✔ tableroGz desktop retains exact original materials, texture bytes and authored transforms (54.7657ms)
✔ volanteGz desktop retains exact original materials, texture bytes and authored transforms (46.3891ms)
✔ pedalesGz desktop retains exact original materials, texture bytes and authored transforms (105.3163ms)
✔ palancaGz desktop retains exact original materials, texture bytes and authored transforms (27.86ms)
✔ recovery requires thirty seconds of healthy windows at 60 FPS / 16ms (26.4404ms)
✔ recovery requires thirty seconds of healthy windows at 30 FPS / 32ms (9.8411ms)
✔ recovery requires thirty seconds of healthy windows at 60 FPS / 8ms (48.632ms)
✔ failed tier stays blocked across measurement and preparation windows (32.1292ms)
✔ repeated brief improvements do not bounce low and balanced (29.615ms)
✔ emergency downgrade remains responsive (0.2336ms)
✔ fixed quality records frames without silently lowering tier (3.4352ms)
✔ target cadence change resets health evidence, not failed-tier cooldown (10.3132ms)
✔ HDR capabilities are queried once per context, shared by requested tiers, and invalidated on restore (0.9386ms)
✔ HDR cache refreshes before a persistent consumer on consecutive context restores (0.9887ms)
✔ hydrology typed CPU output matches pre-worker reference 0 (15.1676ms)
✔ hydrology typed CPU output matches pre-worker reference 1 (13.3069ms)
✔ hydrology typed CPU output matches pre-worker reference 2 (2.8795ms)
✔ hydrology typed CPU output matches pre-worker reference 3 (1.0044ms)
✔ worker transfers its copy and cancel cannot disturb a later job (3.5056ms)
✔ worker error rejects pending jobs and a new worker may recover (0.3927ms)
✔ worker timeout is bounded and releases all jobs (16.057ms)
✔ late hydrology results cannot resurrect a disposed water texture or road attribute (4.1729ms)
✔ worker failure uses the exact synchronous water and road fallback (29.9803ms)
✔ selection validates stored identity and defaults to the real selected car (0.8266ms)
✔ already installed initial vehicle is not loaded twice (0.3226ms)
✔ original load is atomic, cancellable and restores display after editing (1.0543ms)
✔ cancelled originals never become editable and are disposed (0.5239ms)
✔ Falcon stays unloaded until requested, concurrent races and restarts reuse it (1.581ms)
✔ failed rival preparation cleans partial resources and can retry (2.1566ms)
✔ shutdown during conversion disposes late model and never installs rival (0.2897ms)
✔ shutdown during presentation disposes late presentation and roots (0.2699ms)
✔ free drive bypasses rival; competition waits; cancellation cannot start race (1.043ms)
✔ no world work behind v6-menu-open (2.3053ms)
✔ no world work behind an-intro-open (0.711ms)
✔ selection and shaders must settle before race configuration can succeed (6.5804ms)
✔ failed selected car cannot configure route or compile (0.9243ms)
✔ shader failure never reports ready (0.9393ms)
✔ cancel during compile aborts immediately and never reports ready after late completion (0.6739ms)
✔ shader preparation serializes and checks shutdown after compile (1.1636ms)
✔ actual drive flow waits for configuration and race start before exposing the scene (1.5611ms)
✔ launch guard rejects overlapping preparations and releases on failure (0.4062ms)
✔ phone render gate opens only after selected shaders complete successfully (3.0494ms)
✔ primary readiness does not wait for secondary feeds; they prepare after world (1.3274ms)
✔ a replaced variant never starts old mirror preparation after pending water completes (0.5653ms)
✔ future quality restores current state during preparation and commits only when ready, abort=false (1.2361ms)
✔ future quality restores current state during preparation and commits only when ready, abort=true (1.3952ms)
✔ ordinary preparation followed by a staged tier cannot strand the pending guard (1.3883ms)
✔ primary shaders await hydrology fields before becoming ready (0.5294ms)
✔ staged tier awaits hydrology and rejects stale field revisions before compiling (0.9003ms)
✔ combined matrix covers every selectable pair, both policies and five repetitions (2.7712ms)
✔ frame statistics retain hitches and report observed cadence (0.2838ms)
✔ valid observed coverage passes for fixed and adaptive policies (2.6848ms)
✔ environment and adaptive settings are validated from samples (0.4297ms)
✔ camera commands cannot substitute for observed camera segments (0.4149ms)
✔ camera segment must match elapsed time, not just contain every camera (0.4195ms)
✔ empty samples, nonfinite durations and progress, and invalid frame intervals are rejected (1.7126ms)
✔ physics counters must start at zero for each measurement window (0.4005ms)
✔ pending quality requests exceeding 30 seconds cannot silently pass (0.592ms)
✔ fixed quality drift and paused simulation invalidate coverage (0.4971ms)
✔ resume environment comparison keeps stable hardware and browser version (0.6168ms)
✔ Node watchdog terminates an unresolved phase and invokes browser cleanup (28.4877ms)
✔ Balanced filters eligible mipmapped textures at 2x, High at hardware-bounded 4x (2.0993ms)
✔ shared texture keeps strongest active owner and restores after last release (0.2768ms)
✔ filtered texture added late is borrowed, never cloned; dispose is idempotent (0.2265ms)
✔ spatial resolve reserves 12 bytes per pixel and constrains 4K to combined budget (0.3549ms)
✔ capability report distinguishes WebGPU adapter from shipped renderer and refreshes context limits (7.126ms)
✔ denied adapter preserves fallback, late adapter after dispose cannot mutate report (0.7862ms)
✔ shared renderer, vehicle and curvature registries use one module URL each (515.321ms)
✔ render interpolation never freezes or retains the mutable physics buffers (1.5785ms)
physics runtime: 64 real Rapier ticks matched baseline; grounded/airborne, ABS/chassis, impact, buffer reuse and historical copy passed
physics integration: synchronous maintenance view, immutable observer history and legacy default snapshot passed
physics impacts: 16 real Rapier wall-collision ticks and damage aggregation matched baseline
✔ D:\2026\Chevy\Asfalto_Nacional_v8\tools\physics-runtime-scratch.test.mjs (614.0422ms)
physics scratch: core numerical parity and buffer identity passed
✔ D:\2026\Chevy\Asfalto_Nacional_v8\tools\physics-scratch.test.mjs (82.1777ms)
✔ race startup snapshots typed contact storage as independent immutable arrays (3.5242ms)
✔ circuit selection preserves the original failure for the retry dialog (2.1633ms)
✔ deduplicates concurrent builds, keeps dimensions and ref counts; idle LRU never evicts active leases (9.0685ms)
✔ cold builds yield and failure is retryable (0.8541ms)
✔ shutdown cancels queued work and disposes in-flight and active targets once (4.8874ms)
✔ zero idle budget releases immediately (1.913ms)
✔ half-turn orientation metadata distinguishes unchanged-name panoramas (4.1717ms)
✔ prepare returns ready with unresolved next and cancellation releases that source (24.4029ms)
✔ release retains source until asynchronous build settles (19.7306ms)
✔ CPU budget stops submission after an atomic unit crosses the deadline (4.1293ms)
✔ one expensive native compile still progresses and yields immediately (0.7023ms)
✔ cheap work retains the sixteen-position cap (2.7318ms)
✔ equivalent repeated objects share preparation but feature variants remain (1.5291ms)
✔ custom shaders and distinct materials are never folded speculatively (0.5854ms)
✔ invalid budget fails without entering native compilation (1.0639ms)
✔ disposal waits for pending native passes before destroying transmission target (1.5613ms)
✔ full-scene transmission detection stays linear under one-object batches (22.6899ms)
✔ quality state is installed once per budgeted turn and restored before yielding (0.6645ms)
✔ new storage and zero balance remain unchanged (4.1325ms)
✔ v7 only and identical profiles do not prompt (1.6294ms)
✔ divergent profiles require a choice and preserve exact snapshots (2.7985ms)
✔ v8 only migrates even with old copy marker (0.7632ms)
✔ overlapping intro and loading restore inert only after both release (1.0534ms)
✔ failed profile copy cannot mark recovery complete or load defaults (1.0701ms)
✔ Iguazu shipping assets satisfy restored locked adapter (98.1ms)
✔ one context, inactive state/resize isolated, nested throw restores target face mip (5.0337ms)
✔ async continuation does not retain global state or draw over active canvas (0.6237ms)
✔ raw internal dispatch uses only owner patch with correct this and restores (0.6166ms)
✔ lease disposal never disposes physical renderer; final shutdown waits native compile (11.0473ms)
✔ context loss suspends frames and restore advances epoch without activate callback (0.6056ms)
✔ restored Three internals are resolved dynamically by nested facades (0.292ms)
✔ prepare capture contexts match actual render, grading=false (10.6841ms)
✔ prepare capture contexts match actual render, grading=true (3.2627ms)
✔ nested prepare restores all state on callback failure, async=false (2.6211ms)
✔ nested prepare restores all state on callback failure, async=true (1.4509ms)
✔ disabled effects and neutral grade prepare bypass all target allocations (0.9598ms)
✔ fog topology survives quality changes without double extinction, exponential=false (1.9103ms)
✔ fog topology survives quality changes without double extinction, exponential=true (1.4653ms)
Runtime control/lifecycle/spring focused checks PASS
✔ D:\2026\Chevy\Asfalto_Nacional_v8\tools\runtime-control-lifecycle.test.mjs (75.0819ms)
✔ static HTTP revalidates mutable files, streams ranges and respects HEAD (207.2261ms)
✔ distributed spatial query results retain exact doubles and nulls; stale inputs miss (2.7957ms)
✔ refinement bake preserves every geometry/index/normal value, ownership and transforms (12.9465ms)
✔ curvature bake equals full precision original and respects vertex budgets (8.3486ms)
✔ loader unsupported-worker fallback and already-aborted signal preserve cache safety (1.7516ms)
✔ binary artifact encoding round-trips float bits, indices and spatial doubles (2.4998ms)
✔ curvature bakes distinguish interleaved views sharing the same storage (1.4842ms)
✔ refinement helper-only edits invalidate distributed results (23.3516ms)
✔ enrollment and accepted stage preserve club history and duplicate result is immutable (3.6792ms)
✔ failed persistence keeps live awards unchanged; retry publishes once (8.7361ms)
✔ memory-only facade and stale revision cannot claim persistent success (0.3612ms)
✔ canceled attempt cannot accept a late physical receipt (1.7733ms)
✔ uncertain disk success is recovered idempotently without publishing duplicate rewards (1.7294ms)
✔ corrupted accepted receipt is rejected before opening another stage (0.8875ms)
✔ photo references require saved arrival, carry no pixels and never grant another award (1.7548ms)
✔ physical final maps authoritative fields, preserving penalties and scores (3.0075ms)
✔ QA/debug/pending/mismatched setup never becomes an award receipt (0.6655ms)
✔ configuration hash ignores key ordering but detects one changed assist (13.4655ms)
✔ configuration finishes before physical enable/start; arrival persists one stage (6.9824ms)
✔ cancel while scene is loading prevents a late start and returns saved attempt to ready (3.1754ms)
✔ changed setup blocks attempt; final save error publishes no success and preserves retry (1.259ms)
✔ cancel during persistent begin never enters the scene transaction afterwards (1.4572ms)
✔ capture failure never turns a valid sport result into a failed stage (0.9305ms)
✔ cancel while awaiting a real photo prevents accepting its late result (1.3154ms)
✔ catalog covers 5/10/15 canonical stages, distinct revisits and 20 unique physical awards (1.6594ms)
✔ cancel/resume preserve stage selection and cannot grant points from stale completion (1.6303ms)
✔ invalid, timeout, QA, config mismatch and missing authoritative clock never advance (0.591ms)
✔ penalized official time determines points, duplicate receipt is idempotent (0.6972ms)
✔ five valid victories grant five route trophies and one cup only at completion (1.4776ms)
✔ exact ties split stage points and final complete tie is explicitly shared (0.7174ms)
✔ later championships require actual completed predecessor and retain snapshot across save (0.3199ms)
✔ restoring persisted results recomputes points and rejects edited stage cursor or missing arrival (0.5062ms)
✔ new local installation uses public calibrated defaults without creating a personal file (3.6435ms)
✔ new static and local installations resolve the same calibration (1.8203ms)
✔ an older browser edit wins over a newer bundled seed and keeps missing calibrated targets (1.1653ms)
✔ a browser edit without a timestamp is still a user edit, not a factory reset (1.0803ms)
✔ newer disk edits beat older browser edits, while missing targets get defaults (1.9299ms)
✔ newer browser recovery beats disk without auto-saving over it (1.237ms)
✔ disconnected API preserves browser edits and new users still get calibrated defaults (1.2532ms)
✔ missing static seed does not erase browser edits or leave a fresh cockpit unassembled (1.1743ms)
✔ invalid saved input falls back to factory rather than accepting an array as layout (0.8544ms)
✔ explicit reset uses the same factory for every target and camera, then saves that result (3.8692ms)
✔ a target reset can restore the reviewed factory rather than the user startup value (0.4052ms)
✔ explicit save keeps the edited layout and never silently replaces it with defaults (1.7925ms)
✔ legacy radian layouts preserve rotations when missing targets receive defaults (1.4302ms)
✔ a partial saved transform keeps missing calibrated components (0.7024ms)
✔ real local endpoint: empty directory, explicit edit, reload and later server disconnect (223.1426ms)
✔ undated browser recovery does not acquire the factory timestamp and outrank a dated disk edit (2.2344ms)
✔ reader ignores legacy trophies counters photos and sheets without mutating profile (1.9112ms)
✔ reader reconstructs valid arrivals, deduplicates20IDs and skips corrupted runs (4.8627ms)
✔ actual host empty home synchronization never imports collection or prepares geometry (1.0005ms)
✔ actual camera focus handles preparation failure without stealing later camera pose (3.7371ms)
✔ actual menu resynchronization preserves the pending collection details request (1.1624ms)
✔ image metadata must match a validated persisted finish and actual frame (4.3222ms)
✔ failed image persistence cannot mutate sport receipts; repeated save uses one stable image ID (2.3911ms)
✔ all profile writers share revision and reject another tab, preserving disk (3.7051ms)
✔ physical host consumes all substeps and completes once without RAF scoring (4.7809ms)
✔ paused ticks never create active time and resume stays contiguous (2.8031ms)
✔ gaps, QA, recovery, lifecycle and rebase invalidate and detach without publication (0.7663ms)
✔ displayed speedometer sample maps physicalTick to instrument sampleTick (4.7121ms)
✔ receipt reader rejects old valid sheets and malformed physical thresholds (2.0517ms)
✔ receipt persistence requires exact readback and never publishes on dropped/corrupt writes (6.6169ms)
✔ persistent receipt is idempotent, frozen and earns only its catalog medal (4.1062ms)
✔ unknown successful write retries same receipt once; changed duplicate and revision conflicts fail (3.8291ms)
✔ waiting disk lock cannot commit a canceled session (5.6439ms)
✔ legitimate rigid rebase preserves physical progress and observer identity (0.5574ms)
✔ all twelve validator receipts replay to twelve distinct catalog medals and corrupt evidence cannot add one (194.5853ms)
✔ two tabs sharing one lock cannot overwrite another accepted physical receipt (3.6346ms)
✔ canceling a queued failed save clears retry state even when the lock completes later (2.616ms)
✔ only a persisted physical receipt grants progression and duplicate retries grant none (8.4489ms)
✔ selectable chevy completes, persists and retains its presentation identity (1.8237ms)
✔ selectable chevy_400_1957 completes, persists and retains its presentation identity (1.4827ms)
✔ selectable chevrolet_1969 completes, persists and retains its presentation identity (1.6843ms)
✔ receipt rejects nonselectable vehicle unknown-vehicle (1.0815ms)
✔ receipt rejects nonselectable vehicle falcon (1.0375ms)
✔ receipt rejects nonselectable vehicle toString (0.8046ms)
✔ receipt clock-throws ends observably invalid with no escaped exception or publication (2.0364ms)
✔ receipt invalid-date ends observably invalid with no escaped exception or publication (1.2641ms)
✔ receipt empty-result-id ends observably invalid with no escaped exception or publication (1.6492ms)
✔ receipt receipt-validation ends observably invalid with no escaped exception or publication (1.1799ms)
✔ late earlier image cannot replace newest selection and object URLs are released (1.7334ms)
✔ missing exact combination clears previous photograph (0.2665ms)
✔ same selection refresh does not download or publish again (0.2031ms)
✔ suspending a hidden preview repeatedly releases once and makes no extra UI work (0.3024ms)
✔ legacy condition migrates into selected car only and new cars are independent (1.717ms)
✔ real impact persists mechanical detail and never heals on pristine snapshot (3.5457ms)
✔ washing removes dirt only, paint repair leaves dents, panel repair leaves paint damage (0.4707ms)
✔ engine repair clears fire/cooling/fuel leak and preserves chassis damage (3.9611ms)
✔ terminal health thresholds cover native damage floors and zero fuel (0.8768ms)
✔ fuel is consumed by physical120Hz engine work once, not by render or paused samples (3.5906ms)
✔ rollover needs sustained low-motion inversion; jumps and banking do not trigger (2.2936ms)
✔ paused time cannot advance rollover confirmation (0.332ms)
✔ native wheel damage survives reload without spreading to healthy wheels (0.3579ms)
✔ maintenance round-trip restores actual damage and repairing one car leaves another untouched (3.9261ms)
✔ terminal breakdown prevents restart and zero-balance essential service avoids softlock (0.8168ms)
✔ diegetic signal follows countdown and pauses without a competing physics clock (0.2016ms)
✔ 360 second cycles preserve completed loops and real active time across a duration change (1.2382ms)
✔ pause, countdown, inactive and fixed modes cannot advance either clock counter (0.3257ms)
✔ six minute selection is persisted and sent to the controller with enabled state (1.4417ms)
✔ legacy cycle and unavailable storage load a twelve minute cycle (0.276ms)
✔ 120 Hz active updates cross the exact six minute boundary without losing a full cycle (42.3245ms)
✔ first cycle holds selected rain; second cycle starts at the same intensity and changes gradually (2.2199ms)
✔ regional walks are reproducible, never select forbidden snow, and avoid clear-to-storm jumps (2.8977ms)
✔ host canon permission and fixed mode keep selected conditions across arbitrary cycles (0.4728ms)
✔ day palette accepts evolving weather without resetting day clock or mutating the regional source (1.6695ms)
✔ traction transitions continuously with wetness instead of retaining dry grip until a categorical switch (0.8471ms)
✔ canceled real async load cannot start session or retain a presentation (1.4793ms)
✔ failed attempt remains retryable and resumes same start promise once (2.7801ms)
✔ superseding queued request rejects stale success before commit (0.475ms)
✔ physical telemetry takes gear and speed from snapshot and alerts from engine/race state (0.3224ms)
✔ official competition time is not counted twice with penalties (0.2509ms)
✔ a newer request during exit transition prevents the old caller from starting (2.3739ms)
✔ critical engine faults remain visible ahead of race warnings (0.2798ms)
✔ startup stays dormant until demand and shares one preparation (4.9999ms)
✔ canceling one consumer leaves shared preparation intact (1.4215ms)
✔ last cancel aborts transport and a later request retries without duplicate runtime (6.5503ms)
✔ transport failure is reviewable and a new user retry prepares same runtime (0.983ms)
✔ stalled requested transport times out as retryable error (11.1044ms)
✔ diagnosis presents authoritative terminal faults and makes assistance actionable (1.022ms)
✔ wash meter uses service cleanliness and never changes body diagnostics (0.2745ms)
✔ busy or unaffordable services cannot submit, while unsupported service data is not invented (0.6985ms)
✔ actual contacts produce five bounded soft patches in one mesh, no target or texture (2.8555ms)
✔ no contact, invalid points and invalid normals never leave a floating shadow (0.4399ms)
✔ interpolates only persistent contacts, current contact loss takes effect immediately (0.4952ms)
✔ sloped contacts remain on their plane; mixed or noncoplanar contacts omit underbody (0.4348ms)
✔ twenty updates reuse buffers, context loss frees handles, dispose removes owner and cannot revive (1.3245ms)
✔ hidden support is prepared without making it visible or drawing it (1.0909ms)
✔ off low high retain projector and shadow shader counts while preserving filament fade (11.3117ms)
✔ dark headlights retain shadow map but skip shadow rendering and resume on ignition (3.0329ms)
✔ inactive calibration eco and dispose keep their intended shadow and lifecycle controls (2.1978ms)
✔ disposing a lit rig removes lights and reports no visible beams (2.1685ms)
✔ dedup exact GPU identity while all nodes/materials/userData remain private; last release once (2.3781ms)
✔ cancelled consumer cannot cancel shared decode; native pin retains last resources (2.7522ms)
✔ late decode after all abort is disposed, never published or kept idle (3.2245ms)
✔ phone transition pin preserves identity across release and reacquire (0.8105ms)
✔ surface keys exactly group the four generated GLSL variants across vehicle and atlas names (1.7304ms)
✔ shared shaders retain independent uniforms and authoring matrices (0.4746ms)
✔ prior hooks and their declared shader identities remain isolated (0.4422ms)
✔ bounds reference and clones exactly reproduce legacy normalization at race and workshop scales (7.8481ms)
✔ tier changes settle water shaders immediately and newly streamed water inherits the tier (16.5076ms)
✔ governor applies shader tier before resize can start asynchronous preparation (5.5146ms)
ℹ tests 330
ℹ suites 0
ℹ pass 330
ℹ fail 0
ℹ cancelled 0
ℹ skipped 0
ℹ todo 0
ℹ duration_ms 2179.054
